\BOOKMARK [1][-]{section.1}{\376\377\137\025\212\000}{}% 1
\BOOKMARK [1][-]{section.2}{\376\377\174\373\176\337\116\016\145\271\154\325}{}% 2
\BOOKMARK [2][-]{subsection.2.1}{\376\377\145\164\117\123\147\266\147\204}{section.2}% 3
\BOOKMARK [2][-]{subsection.2.2}{\376\377\145\160\143\156\147\145\156\220\116\016\147\204\142\020}{section.2}% 4
\BOOKMARK [2][-]{subsection.2.3}{\376\377\213\255\176\303\221\115\177\156}{section.2}% 5
\BOOKMARK [2][-]{subsection.2.4}{\376\377\213\304\117\060\123\117\213\256\377\010\060\014\116\011\116\366\131\127\060\015\000+\000\040\167\037\133\236\230\171\166\356\377\011}{section.2}% 6
\BOOKMARK [1][-]{section.3}{\376\377\126\333\217\156\213\255\176\303\123\206\172\013}{}% 7
\BOOKMARK [2][-]{subsection.3.1}{\376\377\173\054\116\000\217\156\377\032\123\314\116\373\122\241\122\035\153\041\137\256\214\003\377\010\136\372\172\313\127\372\176\277\377\011}{section.3}% 8
\BOOKMARK [2][-]{subsection.3.2}{\376\377\173\054\116\214\217\156\377\032\000t\000r\000i\000a\000g\000e\000\040\130\236\221\317\176\355\213\255\377\010\160\176\226\276\140\047\220\127\137\330\377\011}{section.3}% 9
\BOOKMARK [2][-]{subsection.3.3}{\376\377\173\054\116\011\217\156\377\032\121\150\221\317\124\010\136\166\221\315\213\255\377\010\200\375\122\233\140\142\131\015\377\011}{section.3}% 10
\BOOKMARK [2][-]{subsection.3.4}{\376\377\173\054\126\333\217\156\377\032\215\037\150\067\147\054\137\256\214\003\000\040\000+\000\040\167\037\133\236\230\171\166\356\232\214\213\301\377\010\147\052\217\276\230\204\147\037\377\011}{section.3}% 11
\BOOKMARK [1][-]{section.4}{\376\377\176\323\147\234\154\107\140\073\116\016\152\052\124\021\133\371\153\324}{}% 12
\BOOKMARK [1][-]{section.5}{\376\377\150\071\126\340\122\006\147\220}{}% 13
\BOOKMARK [2][-]{subsection.5.1}{\376\377\160\176\226\276\140\047\220\127\137\330\166\204\123\315\131\015\121\372\163\260}{section.5}% 14
\BOOKMARK [2][-]{subsection.5.2}{\376\377\124\010\142\020\215\037\150\067\147\054\147\052\136\046\147\145\154\333\123\026}{section.5}% 15
\BOOKMARK [2][-]{subsection.5.3}{\376\377\000d\000e\000t\000e\000c\000t\000\040\134\102\217\307\142\245\166\204\150\071\126\340\147\052\211\346\123\312}{section.5}% 16
\BOOKMARK [1][-]{section.6}{\376\377\176\323\213\272\116\016\134\125\147\033}{}% 17
\BOOKMARK [2][-]{subsection.6.1}{\376\377\176\323\213\272}{section.6}% 18
\BOOKMARK [2][-]{subsection.6.2}{\376\377\116\013\116\000\153\145\135\345\117\134}{section.6}% 19
\BOOKMARK [1][-]{appendix.A}{\376\377\152\041\127\213\000\040\000I\000D\000\040\116\016\121\163\225\056\145\207\116\366\175\042\137\025}{}% 20
